1765071983891|0|statement|connection 44|url jdbc:h2:mem:bd350dad-5f0c-4706-bb68-25c33174a40e|     drop table if exists board cascade |     drop table if exists board cascade 
1765071983891|0|statement|connection 44|url jdbc:h2:mem:bd350dad-5f0c-4706-bb68-25c33174a40e|     drop table if exists board_image cascade |     drop table if exists board_image cascade 
1765071983892|0|statement|connection 44|url jdbc:h2:mem:bd350dad-5f0c-4706-bb68-25c33174a40e|     drop table if exists comment cascade |     drop table if exists comment cascade 
1765071983892|0|statement|connection 44|url jdbc:h2:mem:bd350dad-5f0c-4706-bb68-25c33174a40e|     drop table if exists image cascade |     drop table if exists image cascade 
1765071983892|0|statement|connection 44|url jdbc:h2:mem:bd350dad-5f0c-4706-bb68-25c33174a40e|     drop table if exists likes cascade |     drop table if exists likes cascade 
1765071983892|0|statement|connection 44|url jdbc:h2:mem:bd350dad-5f0c-4706-bb68-25c33174a40e|     drop table if exists user_image cascade |     drop table if exists user_image cascade 
1765071983892|0|statement|connection 44|url jdbc:h2:mem:bd350dad-5f0c-4706-bb68-25c33174a40e|     drop table if exists users cascade |     drop table if exists users cascade 
1765071983893|0|statement|connection 44|url jdbc:h2:mem:bd350dad-5f0c-4706-bb68-25c33174a40e|     drop sequence if exists board_seq|     drop sequence if exists board_seq
1765071983893|0|statement|connection 44|url jdbc:h2:mem:bd350dad-5f0c-4706-bb68-25c33174a40e|     drop sequence if exists comment_seq|     drop sequence if exists comment_seq
1765071983893|0|statement|connection 44|url jdbc:h2:mem:bd350dad-5f0c-4706-bb68-25c33174a40e|     drop sequence if exists image_seq|     drop sequence if exists image_seq
1765071983893|0|statement|connection 44|url jdbc:h2:mem:bd350dad-5f0c-4706-bb68-25c33174a40e|     drop sequence if exists likes_seq|     drop sequence if exists likes_seq
1765071983893|0|statement|connection 44|url jdbc:h2:mem:bd350dad-5f0c-4706-bb68-25c33174a40e|     drop sequence if exists users_seq|     drop sequence if exists users_seq
1765072112276|0|statement|connection 44|url jdbc:h2:mem:618a5c29-98db-407d-832a-515885b9841a|     drop table if exists board cascade |     drop table if exists board cascade 
1765072112277|0|statement|connection 44|url jdbc:h2:mem:618a5c29-98db-407d-832a-515885b9841a|     drop table if exists board_image cascade |     drop table if exists board_image cascade 
1765072112278|0|statement|connection 44|url jdbc:h2:mem:618a5c29-98db-407d-832a-515885b9841a|     drop table if exists comment cascade |     drop table if exists comment cascade 
1765072112278|0|statement|connection 44|url jdbc:h2:mem:618a5c29-98db-407d-832a-515885b9841a|     drop table if exists image cascade |     drop table if exists image cascade 
1765072112278|0|statement|connection 44|url jdbc:h2:mem:618a5c29-98db-407d-832a-515885b9841a|     drop table if exists likes cascade |     drop table if exists likes cascade 
1765072112278|0|statement|connection 44|url jdbc:h2:mem:618a5c29-98db-407d-832a-515885b9841a|     drop table if exists user_image cascade |     drop table if exists user_image cascade 
1765072112278|0|statement|connection 44|url jdbc:h2:mem:618a5c29-98db-407d-832a-515885b9841a|     drop table if exists users cascade |     drop table if exists users cascade 
1765072112279|0|statement|connection 44|url jdbc:h2:mem:618a5c29-98db-407d-832a-515885b9841a|     drop sequence if exists board_seq|     drop sequence if exists board_seq
1765072112279|0|statement|connection 44|url jdbc:h2:mem:618a5c29-98db-407d-832a-515885b9841a|     drop sequence if exists comment_seq|     drop sequence if exists comment_seq
1765072112279|0|statement|connection 44|url jdbc:h2:mem:618a5c29-98db-407d-832a-515885b9841a|     drop sequence if exists image_seq|     drop sequence if exists image_seq
1765072112279|0|statement|connection 44|url jdbc:h2:mem:618a5c29-98db-407d-832a-515885b9841a|     drop sequence if exists likes_seq|     drop sequence if exists likes_seq
1765072112279|0|statement|connection 44|url jdbc:h2:mem:618a5c29-98db-407d-832a-515885b9841a|     drop sequence if exists users_seq|     drop sequence if exists users_seq
1765079896733|0|statement|connection 44|url jdbc:h2:mem:5841de59-c8ef-4a0d-a7a0-7c46ac6cca0a|     drop table if exists board cascade |     drop table if exists board cascade 
1765079896733|0|statement|connection 44|url jdbc:h2:mem:5841de59-c8ef-4a0d-a7a0-7c46ac6cca0a|     drop table if exists board_image cascade |     drop table if exists board_image cascade 
1765079896734|0|statement|connection 44|url jdbc:h2:mem:5841de59-c8ef-4a0d-a7a0-7c46ac6cca0a|     drop table if exists comment cascade |     drop table if exists comment cascade 
1765079896734|0|statement|connection 44|url jdbc:h2:mem:5841de59-c8ef-4a0d-a7a0-7c46ac6cca0a|     drop table if exists image cascade |     drop table if exists image cascade 
1765079896734|0|statement|connection 44|url jdbc:h2:mem:5841de59-c8ef-4a0d-a7a0-7c46ac6cca0a|     drop table if exists likes cascade |     drop table if exists likes cascade 
1765079896734|0|statement|connection 44|url jdbc:h2:mem:5841de59-c8ef-4a0d-a7a0-7c46ac6cca0a|     drop table if exists user_image cascade |     drop table if exists user_image cascade 
1765079896734|0|statement|connection 44|url jdbc:h2:mem:5841de59-c8ef-4a0d-a7a0-7c46ac6cca0a|     drop table if exists users cascade |     drop table if exists users cascade 
1765079896734|0|statement|connection 44|url jdbc:h2:mem:5841de59-c8ef-4a0d-a7a0-7c46ac6cca0a|     drop sequence if exists board_seq|     drop sequence if exists board_seq
1765079896734|0|statement|connection 44|url jdbc:h2:mem:5841de59-c8ef-4a0d-a7a0-7c46ac6cca0a|     drop sequence if exists comment_seq|     drop sequence if exists comment_seq
1765079896735|0|statement|connection 44|url jdbc:h2:mem:5841de59-c8ef-4a0d-a7a0-7c46ac6cca0a|     drop sequence if exists image_seq|     drop sequence if exists image_seq
1765079896735|0|statement|connection 44|url jdbc:h2:mem:5841de59-c8ef-4a0d-a7a0-7c46ac6cca0a|     drop sequence if exists likes_seq|     drop sequence if exists likes_seq
1765079896735|0|statement|connection 44|url jdbc:h2:mem:5841de59-c8ef-4a0d-a7a0-7c46ac6cca0a|     drop sequence if exists users_seq|     drop sequence if exists users_seq
